Ticket(s) for: TestName
Number of tickets: 4
Price per ticket: 100kr
Price total: 400kr
Paid using: Vipps